               commit_hash                |               repo_id                |              author_id               |      message      |          created_at           
------------------------------------------+--------------------------------------+--------------------------------------+-------------------+-------------------------------
 095932e463d6401c206e8bd59007b7a72ff25e32 | ff50acfd-7542-4cc5-af78-8910969a94ce | b8209df5-e251-4c54-8204-506ddbe078c4 | fix login flow #0 | 2026-05-06 21:55:04.914933+00
(1 row)

